// 重构日志: fc08ae07
// 重构日志: c56300e1
// 重构日志: 59060f51
// 同步 ID: 24b4b0ab @ Fri Jul 31 06:03:57 UTC 2026
// 重构日志: 76e6529e
// 同步 ID: 806c8005 @ Fri Jul 31 13:38:11 UTC 2026
// 重构日志: 77c83392
// 重构日志: 9a8228f5
// 重构日志: eff7e49e
// 重构日志: 859ba8fa
// 同步 ID: d41066f1 @ Sun Aug  2 10:36:02 UTC 2026
// 重构日志: d839a7cf
// 重构日志: 83975bf9
// 重构日志: 038d329c
// 同步 ID: fe641826 @ Sun Aug  2 21:56:43 UTC 2026
// 重构日志: ec1ab579
// 重构日志: 004f5069
// 重构日志: 45dc0c57
// 同步 ID: da320d59 @ Mon Aug  3 16:51:39 UTC 2026
// 重构日志: 10ef6401
// 同步 ID: e422a29d @ Tue Aug  4 16:04:28 UTC 2026
// 重构日志: 98b92d5c
// 重构日志: 75c5e030
// 重构日志: dcdb4170
// 重构日志: adad9b20
// 重构日志: a3f2597c
// 重构日志: f505816b
// 重构日志: cab370fd
// 重构日志: 6391a839
// 同步 ID: 31953be8 @ Fri Aug  7 12:28:36 UTC 2026
// 重构日志: 5a8cd62e
// 重构日志: 7e44dd54
